Deserialization failed at 1.785854577145231e9
Path: /home/ufechner/.julia/scratchspaces/4caac9c8-c726-438f-ab10-3553e918eab1/v3kite_cache/model_v0.11.1_jl1.12_v3_particle_dir_dynamic_44pnt_95seg_0grp_1wng_1wch.bin
ArgumentError: cannot deserialize a dropped RuntimeGeneratedFunction; serialize it before calling drop_expr
Stacktrace:
  [1] deserialize(s::Serialization.AbstractSerializer, ::Type{RuntimeGeneratedFunctions.RuntimeGeneratedFunction{(:___mtkunknowns___, :___mtkparameters___, :__argₛᵧₘ1249670312406203976), ModelingToolkitBase.var"#_RGF_ModTag", ModelingToolkitBase.var"#_RGF_ModTag", (0xcfd89363, 0x1321e11e, 0x550d3a0b, 0x3787cb31, 0xc00bf369), Nothing}})
    @ RuntimeGeneratedFunctions ~/.julia/packages/RuntimeGeneratedFunctions/odmYb/src/RuntimeGeneratedFunctions.jl:571
  [2] handle_deserialize(s::Serialization.Serializer{IOStream}, b::Int32)
    @ Serialization ~/.julia/juliaup/julia-1.12.6+0.x64.linux.gnu/share/julia/stdlib/v1.12/Serialization/src/Serialization.jl:915
  [3] deserialize(s::Serialization.Serializer{IOStream}, t::DataType)
    @ Serialization ~/.julia/juliaup/julia-1.12.6+0.x64.linux.gnu/share/julia/stdlib/v1.12/Serialization/src/Serialization.jl:1658
  [4] handle_deserialize(s::Serialization.Serializer{IOStream}, b::Int32)
    @ Serialization ~/.julia/juliaup/julia-1.12.6+0.x64.linux.gnu/share/julia/stdlib/v1.12/Serialization/src/Serialization.jl:915
  [5] deserialize(s::Serialization.Serializer{IOStream}, t::DataType)
    @ Serialization ~/.julia/juliaup/julia-1.12.6+0.x64.linux.gnu/share/julia/stdlib/v1.12/Serialization/src/Serialization.jl:1658
  [6] handle_deserialize(s::Serialization.Serializer{IOStream}, b::Int32)
    @ Serialization ~/.julia/juliaup/julia-1.12.6+0.x64.linux.gnu/share/julia/stdlib/v1.12/Serialization/src/Serialization.jl:915
  [7] deserialize(s::Serialization.Serializer{IOStream}, t::DataType)
    @ Serialization ~/.julia/juliaup/julia-1.12.6+0.x64.linux.gnu/share/julia/stdlib/v1.12/Serialization/src/Serialization.jl:1646
  [8] handle_deserialize(s::Serialization.Serializer{IOStream}, b::Int32)
    @ Serialization ~/.julia/juliaup/julia-1.12.6+0.x64.linux.gnu/share/julia/stdlib/v1.12/Serialization/src/Serialization.jl:920
  [9] deserialize(s::Serialization.Serializer{IOStream}, t::DataType)
    @ Serialization ~/.julia/juliaup/julia-1.12.6+0.x64.linux.gnu/share/julia/stdlib/v1.12/Serialization/src/Serialization.jl:1658
 [10] handle_deserialize(s::Serialization.Serializer{IOStream}, b::Int32)
    @ Serialization ~/.julia/juliaup/julia-1.12.6+0.x64.linux.gnu/share/julia/stdlib/v1.12/Serialization/src/Serialization.jl:915
 [11] deserialize(s::Serialization.Serializer{IOStream}, t::DataType)
    @ Serialization ~/.julia/juliaup/julia-1.12.6+0.x64.linux.gnu/share/julia/stdlib/v1.12/Serialization/src/Serialization.jl:1646
 [12] handle_deserialize(s::Serialization.Serializer{IOStream}, b::Int32)
    @ Serialization ~/.julia/juliaup/julia-1.12.6+0.x64.linux.gnu/share/julia/stdlib/v1.12/Serialization/src/Serialization.jl:920
 [13] deserialize(s::Serialization.Serializer{IOStream})
    @ Serialization ~/.julia/juliaup/julia-1.12.6+0.x64.linux.gnu/share/julia/stdlib/v1.12/Serialization/src/Serialization.jl:851
 [14] handle_deserialize(s::Serialization.Serializer{IOStream}, b::Int32)
    @ Serialization ~/.julia/juliaup/julia-1.12.6+0.x64.linux.gnu/share/julia/stdlib/v1.12/Serialization/src/Serialization.jl:957
 [15] deserialize
    @ ~/.julia/juliaup/julia-1.12.6+0.x64.linux.gnu/share/julia/stdlib/v1.12/Serialization/src/Serialization.jl:851 [inlined]
 [16] deserialize(s::IOStream)
    @ Serialization ~/.julia/juliaup/julia-1.12.6+0.x64.linux.gnu/share/julia/stdlib/v1.12/Serialization/src/Serialization.jl:838
 [17] open(f::typeof(Serialization.deserialize), args::String; kwargs::@Kwargs{})
    @ Base ./io.jl:412
 [18] open
    @ ./io.jl:409 [inlined]
 [19] deserialize
    @ ~/.julia/juliaup/julia-1.12.6+0.x64.linux.gnu/share/julia/stdlib/v1.12/Serialization/src/Serialization.jl:848 [inlined]
 [20] load_serialized_model!(sam::SymbolicAWEModels.SymbolicAWEModel{SymbolicAWEModels.SystemStructure{SymbolicAWEModels.VSMWing{VortexStepMethod.BodyAerodynamics{72, VortexStepMethod.Wing{72, Float64}, Float64}, VortexStepMethod.Wing{72, Float64}, VortexStepMethod.Solver{72, 37, Float64}}}, SymbolicAWEModels.SerializedModel{Vector{Pair{Symbolics.Num, Any}}, Vector{Pair{Symbolics.Num, Any}}}}, model_path::String; remake::Bool, reload::Bool)
    @ SymbolicAWEModels ~/.julia/packages/SymbolicAWEModels/tRrlr/src/model_management.jl:164
 [21] load_serialized_model!
    @ ~/.julia/packages/SymbolicAWEModels/tRrlr/src/model_management.jl:151 [inlined]
 [22] macro expansion
    @ ~/.julia/packages/SymbolicAWEModels/tRrlr/src/model_management.jl:370 [inlined]
 [23] macro expansion
    @ ./timing.jl:461 [inlined]
 [24] init!(sam::SymbolicAWEModels.SymbolicAWEModel{SymbolicAWEModels.SystemStructure{SymbolicAWEModels.VSMWing{VortexStepMethod.BodyAerodynamics{72, VortexStepMethod.Wing{72, Float64}, Float64}, VortexStepMethod.Wing{72, Float64}, VortexStepMethod.Solver{72, 37, Float64}}}, SymbolicAWEModels.SerializedModel{Vector{Pair{Symbolics.Num, Any}}, Vector{Pair{Symbolics.Num, Any}}}}; solver::Nothing, adaptive::Bool, prn::Bool, remake::Bool, reload::Bool, outputs::Nothing, create_prob::Bool, create_lin_prob::Bool, create_control_func::Bool, lin_vsm::Bool, ignore_l0::Bool, remake_vsm::Bool, reset_vel::Bool, reset_integrator::Bool, reinit_sys::Bool, apply_tether_lengths::Bool, vsm_min_wind::Float64)
    @ SymbolicAWEModels ~/.julia/packages/SymbolicAWEModels/tRrlr/src/model_management.jl:336
 [25] (::V3Kite.var"#105#106")()
    @ V3Kite ~/.julia/packages/V3Kite/s8KRm/src/stabilization.jl:288
 [26] with_model_cache(f::V3Kite.var"#105#106", cache_path::String)
    @ V3Kite ~/.julia/packages/V3Kite/s8KRm/src/stabilization.jl:169
 [27] settle_wing(config::V3Kite.V3SettleConfig, init_row::@NamedTuple{x::Float64, y::Float64, z::Float64, vx::Float64, vy::Float64, vz::Float64, heading::Float64, steering::Float64, depower::Float64, wind_vec::StaticArraysCore.SVector{3, Float64}}; data_path::String, cache_path::Nothing, show_progress::Bool, remake::Bool)
    @ V3Kite ~/.julia/packages/V3Kite/s8KRm/src/stabilization.jl:287
 [28] settle_wing
    @ ~/.julia/packages/V3Kite/s8KRm/src/stabilization.jl:175 [inlined]
 [29] #settle_wing#97
    @ ~/.julia/packages/V3Kite/s8KRm/src/stabilization.jl:114 [inlined]
 [30] settle_wing
    @ ~/.julia/packages/V3Kite/s8KRm/src/stabilization.jl:104 [inlined]
 [31] init(v_wind_gnd::Float64, l_tether::Float64; elevation::Nothing, upwind_dir::Float64, depower_setpoint::Float64, dt::Nothing, sim_time::Float64, gc::V3Kite.V3GeomAdjustConfig, wc::Nothing, system_yaml::String, body_damping::Vector{Float64}, data_path::String, cache_path::Nothing, warmup_time::Float64, warmup_wfc::Nothing, remake::Bool)
    @ V3Kite ~/.julia/packages/V3Kite/s8KRm/src/interface.jl:589
 [32] macro expansion
    @ ~/.julia/packages/V3Kite/s8KRm/src/precompile.jl:31 [inlined]
 [33] macro expansion
    @ ~/.julia/packages/PrecompileTools/QUxvR/src/workloads.jl:70 [inlined]
 [34] top-level scope
    @ ~/.julia/packages/V3Kite/s8KRm/src/precompile.jl:28
 [35] include(mapexpr::Function, mod::Module, _path::String)
    @ Base ./Base.jl:307
 [36] top-level scope
    @ ~/.julia/packages/V3Kite/s8KRm/src/V3Kite.jl:256
 [37] include(mod::Module, _path::String)
    @ Base ./Base.jl:306
 [38] include_package_for_output(pkg::Base.PkgId, input::String, depot_path::Vector{String}, dl_load_path::Vector{String}, load_path::Vector{String}, concrete_deps::Vector{Pair{Base.PkgId, UInt128}}, source::Nothing)
    @ Base ./loading.jl:3028
 [39] top-level scope
    @ stdin:5
 [40] eval(m::Module, e::Any)
    @ Core ./boot.jl:489
 [41] include_string(mapexpr::typeof(identity), mod::Module, code::String, filename::String)
    @ Base ./loading.jl:2874
 [42] include_string
    @ ./loading.jl:2884 [inlined]
 [43] exec_options(opts::Base.JLOptions)
    @ Base ./client.jl:315
 [44] _start()
    @ Base ./client.jl:550